../Core/Src/FEB_TPS2482.c:36:6:FEB_TPS2482_Setup	24	static
../Core/Src/FEB_TPS2482.c:64:6:FEB_TPS2482_shutdownIfError	56	static
../Core/Src/FEB_TPS2482.c:88:6:FEB_TPS2482_pullLowIfOutOfBounds	64	static
../Core/Src/FEB_TPS2482.c:115:7:FEB_TPS2482_PollBusCurrent	48	static
../Core/Src/FEB_TPS2482.c:132:7:FEB_TPS2482_GetShunt	48	static
../Core/Src/FEB_TPS2482.c:149:7:FEB_TPS2482_PollBusVoltage	48	static
../Core/Src/FEB_TPS2482.c:166:6:FEB_TPS2482_sendReadings	8	static
../Core/Src/FEB_TPS2482.c:178:6:FEB_TPS2482_CAN_Transmit	16	static
